// Jest Snapshot v1, https://goo.gl/fbAQLP

exports[`HomeTest Search click  1`] = `null`;
